[
  {
    "FileName": "t + 362",
    "Content": "UEsDBBQAAAAIAL1xMFgAAAAAAAAAAAAAAAAYAAAAeGwvd29ya3NoZWV0cy9zaGVldDEueG1s"
  },
  {
    "FileName": "t + 389",
    "Content": "UEsDBBQAAAAIAL1xMFgAAAAAAAAAAAAAAAAYAAAAeGwvd29ya3NoZWV0cy9zaGVldDEueG1s"
  },
  {
    "FileName": "t + 395",
    "Content": "UEsDBBQAAAAIAL1xMFgAAAAAAAAAAAAAAAAYAAAAeGwvd29ya3NoZWV0cy9zaGVldDEueG1s"
  },
  {
    "FileName": "t + 398",
    "Content": "UEsDBBQAAAAIAL1xMFgAAAAAAAAAAAAAAAAYAAAAeGwvd29ya3NoZWV0cy9zaGVldDEueG1s"
  }
]
